=== Demo Q-umplidor — flujo local completo ===

Enviados: ok=fb4d11c2-1645-4843-8d02-d53bee4e07d6  sleep=fa9f787b-6294-4ac6-b77d-47e4bbedba6a  fail=ad054e7e-0aca-4304-9d99-d009ef23dbaa

Rechazo esperado de comando vacío: El comando no puede estar vacío ni tener formato inválido.

Trabajo con binario inexistente enviado (fallará al ejecutar, no antes).

Cancelando fa9f787b-6294-4ac6-b77d-47e4bbedba6a mientras está en ejecución...
{
  "id": "fa9f787b-6294-4ac6-b77d-47e4bbedba6a",
  "command": [
    "/usr/bin/python3",
    "-c",
    "import time; time.sleep(2)"
  ],
  "state": "CANCELED",
  "submitted_at": 1789665010.638196,
  "started_at": 1789665010.6383998,
  "finished_at": 1789665010.9385228,
  "exit_code": null,
  "error": null,
  "stdout_path": "data/fa9f787b-6294-4ac6-b77d-47e4bbedba6a/stdout.log",
  "stderr_path": "data/fa9f787b-6294-4ac6-b77d-47e4bbedba6a/stderr.log",
  "pid": 117
} 

Listado completo de trabajos:
[
  {
    "id": "fb4d11c2-1645-4843-8d02-d53bee4e07d6",
    "command": [
      "/usr/bin/python3",
      "-c",
      "print('hola desde Q-umplidor')"
    ],
    "state": "SUCCEEDED",
    "submitted_at": 1789665010.6361039,
    "started_at": 1789665010.6361308,
    "finished_at": 1789665010.6701136,
    "exit_code": 0,
    "error": null,
    "stdout_path": "data/fb4d11c2-1645-4843-8d02-d53bee4e07d6/stdout.log",
    "stderr_path": "data/fb4d11c2-1645-4843-8d02-d53bee4e07d6/stderr.log",
    "pid": 116
  },
  {
    "id": "fa9f787b-6294-4ac6-b77d-47e4bbedba6a",
    "command": [
      "/usr/bin/python3",
      "-c",
      "import time; time.sleep(2)"
    ],
    "state": "CANCELED",
    "submitted_at": 1789665010.638196,
    "started_at": 1789665010.6383998,
    "finished_at": 1789665010.9390323,
    "exit_code": null,
    "error": null,
    "stdout_path": "data/fa9f787b-6294-4ac6-b77d-47e4bbedba6a/stdout.log",
    "stderr_path": "data/fa9f787b-6294-4ac6-b77d-47e4bbedba6a/stderr.log",
    "pid": 117
  },
  {
    "id": "ad054e7e-0aca-4304-9d99-d009ef23dbaa",
    "command": [
      "/usr/bin/python3",
      "-c",
      "import sys; sys.exit(1)"
    ],
    "state": "FAILED",
    "submitted_at": 1789665010.638258,
    "started_at": 1789665010.6385062,
    "finished_at": 1789665010.6717315,
    "exit_code": 1,
    "error": null,
    "stdout_path": "data/ad054e7e-0aca-4304-9d99-d009ef23dbaa/stdout.log",
    "stderr_path": "data/ad054e7e-0aca-4304-9d99-d009ef23dbaa/stderr.log",
    "pid": 118
  },
  {
    "id": "82aa50bb-51cb-4099-b05a-c009ece792c8",
    "command": [
      "comando_que_no_existe_en_el_sistema"
    ],
    "state": "FAILED",
    "submitted_at": 1789665010.638326,
    "started_at": 1789665010.67013,
    "finished_at": 1789665010.6704218,
    "exit_code": null,
    "error": "Comando no encontrado: [Errno 2] No such file or directory: 'comando_que_no_existe_en_el_sistema'",
    "stdout_path": "data/82aa50bb-51cb-4099-b05a-c009ece792c8/stdout.log",
    "stderr_path": "data/82aa50bb-51cb-4099-b05a-c009ece792c8/stderr.log",
    "pid": null
  }
] 

Estado final de fb4d11c2-1645-4843-8d02-d53bee4e07d6:
{
  "id": "fb4d11c2-1645-4843-8d02-d53bee4e07d6",
  "command": [
    "/usr/bin/python3",
    "-c",
    "print('hola desde Q-umplidor')"
  ],
  "state": "SUCCEEDED",
  "submitted_at": 1789665010.6361039,
  "started_at": 1789665010.6361308,
  "finished_at": 1789665010.6701136,
  "exit_code": 0,
  "error": null,
  "stdout_path": "data/fb4d11c2-1645-4843-8d02-d53bee4e07d6/stdout.log",
  "stderr_path": "data/fb4d11c2-1645-4843-8d02-d53bee4e07d6/stderr.log",
  "pid": 116
} 

Estado final de ad054e7e-0aca-4304-9d99-d009ef23dbaa (esperado FAILED, exit_code != 0):
{
  "id": "ad054e7e-0aca-4304-9d99-d009ef23dbaa",
  "command": [
    "/usr/bin/python3",
    "-c",
    "import sys; sys.exit(1)"
  ],
  "state": "FAILED",
  "submitted_at": 1789665010.638258,
  "started_at": 1789665010.6385062,
  "finished_at": 1789665010.6717315,
  "exit_code": 1,
  "error": null,
  "stdout_path": "data/ad054e7e-0aca-4304-9d99-d009ef23dbaa/stdout.log",
  "stderr_path": "data/ad054e7e-0aca-4304-9d99-d009ef23dbaa/stderr.log",
  "pid": 118
} 

=== Fin de la demo ===
